// Jest Snapshot v1, https://jestjs.io/docs/snapshot-testing

exports[`Admin auth (integration-style) â€” /admin/login & /admin/renew POST /admin/password-reset matches snapshot on renew with valid tokens 1`] = `
{
  "body": {
    "data": {
      "accessToken": undefined,
      "refreshToken": undefined,
      "user": {
        "email": "admin@test.com",
        "id": "1",
        "name": "Test Admin",
        "twoFactorAuth": true,
      },
      "userType": "ADMIN",
    },
  },
  "cookies": [],
  "status": 200,
}
`;
